// Jest Snapshot v1, https://goo.gl/fbAQLP

exports[`<Login /> should render login 1`] = `
<button
  id="aas-login"
  onClick={[MockFunction]}
>
  Login
</button>
`;
