// Jest Snapshot v1, https://goo.gl/fbAQLP

exports[`<Logout /> should render logout 1`] = `
<button
  onClick={[Function]}
>
  Logout
</button>
`;
